<div>
    test/fixtures/default_variables.html
    123456789
</div>