<dl>
	<dt>robert</dt>
	<dd>
		Index: 0<br>
		Iteration: 1<br>
		First: true<br>
		Last: false<br>
		Total: 3
	</dd>
	<dt>susan</dt>
	<dd>
		Index: 1<br>
		Iteration: 2<br>
		First: false<br>
		Last: false<br>
		Total: 3
	</dd>
	<dt>carl</dt>
	<dd>
		Index: 2<br>
		Iteration: 3<br>
		First: false<br>
		Last: true<br>
		Total: 3
	</dd>
</dl>