<!DOCTYPE html>
<html>
	<head></head>
	<body>
		<span class="shoe-box">shoes</span>
	</body>
</html>