<!DOCTYPE html>
<html>
	<head></head>
	<body>
		<div>APFELSTRUDEL</div>
	</body>
</html>